// Jest Snapshot v1, https://goo.gl/fbAQLP

exports[`Component Modal Renders component 1`] = `
<DocumentFragment>
  <div
    class="contentModal"
    data-testid="shadow"
  >
    <div
      class="modalBody"
      data-testid="contentChildren"
    >
      <div>
        Hello Word
      </div>
    </div>
  </div>
</DocumentFragment>
`;
